[1.895s] Invoking command in '/workspace/ros2_ws/src/wall_eb_audio': PYTHONPATH=/workspace/ros2_ws/src/build/wall_eb_audio/prefix_override:/usr/lib/python3/dist-packages/colcon_core/task/python/colcon_distutils_commands:/workspace/ros2_ws/src/install/wall_eb_audio/lib/python3.12/site-packages:${PYTHONPATH} /usr/bin/python3 -W ignore:setup.py install is deprecated -W ignore:easy_install command is deprecated setup.py egg_info --egg-base ../build/wall_eb_audio build --build-base /workspace/ros2_ws/src/build/wall_eb_audio/build install --record /workspace/ros2_ws/src/build/wall_eb_audio/install.log --single-version-externally-managed install_data
[2.378s] running egg_info
[2.412s] writing ../build/wall_eb_audio/wall_eb_audio.egg-info/PKG-INFO
[2.412s] writing dependency_links to ../build/wall_eb_audio/wall_eb_audio.egg-info/dependency_links.txt
[2.412s] writing entry points to ../build/wall_eb_audio/wall_eb_audio.egg-info/entry_points.txt
[2.413s] writing requirements to ../build/wall_eb_audio/wall_eb_audio.egg-info/requires.txt
[2.413s] writing top-level names to ../build/wall_eb_audio/wall_eb_audio.egg-info/top_level.txt
[2.481s] reading manifest file '../build/wall_eb_audio/wall_eb_audio.egg-info/SOURCES.txt'
[2.482s] writing manifest file '../build/wall_eb_audio/wall_eb_audio.egg-info/SOURCES.txt'
[2.482s] running build
[2.483s] running build_py
[2.483s] copying wall_eb_audio/audio.py -> /workspace/ros2_ws/src/build/wall_eb_audio/build/lib/wall_eb_audio
[2.483s] running install
[2.495s] running install_lib
[2.529s] copying /workspace/ros2_ws/src/build/wall_eb_audio/build/lib/wall_eb_audio/audio.py -> /workspace/ros2_ws/src/install/wall_eb_audio/lib/python3.12/site-packages/wall_eb_audio
[2.530s] byte-compiling /workspace/ros2_ws/src/install/wall_eb_audio/lib/python3.12/site-packages/wall_eb_audio/audio.py to audio.cpython-312.pyc
[2.531s] running install_data
[2.532s] running install_egg_info
[2.570s] removing '/workspace/ros2_ws/src/install/wall_eb_audio/lib/python3.12/site-packages/wall_eb_audio-0.0.0-py3.12.egg-info' (and everything under it)
[2.571s] Copying ../build/wall_eb_audio/wall_eb_audio.egg-info to /workspace/ros2_ws/src/install/wall_eb_audio/lib/python3.12/site-packages/wall_eb_audio-0.0.0-py3.12.egg-info
[2.572s] running install_scripts
[2.787s] Installing audio script to /workspace/ros2_ws/src/install/wall_eb_audio/lib/wall_eb_audio
[2.788s] writing list of installed files to '/workspace/ros2_ws/src/build/wall_eb_audio/install.log'
[2.850s] Invoked command in '/workspace/ros2_ws/src/wall_eb_audio' returned '0': PYTHONPATH=/workspace/ros2_ws/src/build/wall_eb_audio/prefix_override:/usr/lib/python3/dist-packages/colcon_core/task/python/colcon_distutils_commands:/workspace/ros2_ws/src/install/wall_eb_audio/lib/python3.12/site-packages:${PYTHONPATH} /usr/bin/python3 -W ignore:setup.py install is deprecated -W ignore:easy_install command is deprecated setup.py egg_info --egg-base ../build/wall_eb_audio build --build-base /workspace/ros2_ws/src/build/wall_eb_audio/build install --record /workspace/ros2_ws/src/build/wall_eb_audio/install.log --single-version-externally-managed install_data
