[1.808s] Invoking command in '/workspace/ros2_ws/src/wall_eb_audio': PYTHONPATH=/workspace/ros2_ws/src/build/wall_eb_audio/prefix_override:/usr/lib/python3/dist-packages/colcon_core/task/python/colcon_distutils_commands:/workspace/ros2_ws/src/install/wall_eb_audio/lib/python3.12/site-packages:${PYTHONPATH} /usr/bin/python3 -W ignore:setup.py install is deprecated -W ignore:easy_install command is deprecated setup.py egg_info --egg-base ../build/wall_eb_audio build --build-base /workspace/ros2_ws/src/build/wall_eb_audio/build install --record /workspace/ros2_ws/src/build/wall_eb_audio/install.log --single-version-externally-managed install_data
[2.295s] running egg_info
[2.295s] creating ../build/wall_eb_audio/wall_eb_audio.egg-info
[2.330s] writing ../build/wall_eb_audio/wall_eb_audio.egg-info/PKG-INFO
[2.331s] writing dependency_links to ../build/wall_eb_audio/wall_eb_audio.egg-info/dependency_links.txt
[2.331s] writing entry points to ../build/wall_eb_audio/wall_eb_audio.egg-info/entry_points.txt
[2.331s] writing requirements to ../build/wall_eb_audio/wall_eb_audio.egg-info/requires.txt
[2.332s] writing top-level names to ../build/wall_eb_audio/wall_eb_audio.egg-info/top_level.txt
[2.332s] writing manifest file '../build/wall_eb_audio/wall_eb_audio.egg-info/SOURCES.txt'
[2.398s] reading manifest file '../build/wall_eb_audio/wall_eb_audio.egg-info/SOURCES.txt'
[2.399s] writing manifest file '../build/wall_eb_audio/wall_eb_audio.egg-info/SOURCES.txt'
[2.399s] running build
[2.399s] running build_py
[2.400s] creating /workspace/ros2_ws/src/build/wall_eb_audio/build
[2.400s] creating /workspace/ros2_ws/src/build/wall_eb_audio/build/lib
[2.400s] creating /workspace/ros2_ws/src/build/wall_eb_audio/build/lib/wall_eb_audio
[2.400s] copying wall_eb_audio/audio.py -> /workspace/ros2_ws/src/build/wall_eb_audio/build/lib/wall_eb_audio
[2.400s] copying wall_eb_audio/__init__.py -> /workspace/ros2_ws/src/build/wall_eb_audio/build/lib/wall_eb_audio
[2.401s] running install
[2.412s] running install_lib
[2.446s] creating /workspace/ros2_ws/src/install/wall_eb_audio/lib/python3.12/site-packages/wall_eb_audio
[2.446s] copying /workspace/ros2_ws/src/build/wall_eb_audio/build/lib/wall_eb_audio/audio.py -> /workspace/ros2_ws/src/install/wall_eb_audio/lib/python3.12/site-packages/wall_eb_audio
[2.446s] copying /workspace/ros2_ws/src/build/wall_eb_audio/build/lib/wall_eb_audio/__init__.py -> /workspace/ros2_ws/src/install/wall_eb_audio/lib/python3.12/site-packages/wall_eb_audio
[2.447s] byte-compiling /workspace/ros2_ws/src/install/wall_eb_audio/lib/python3.12/site-packages/wall_eb_audio/audio.py to audio.cpython-312.pyc
[2.449s] byte-compiling /workspace/ros2_ws/src/install/wall_eb_audio/lib/python3.12/site-packages/wall_eb_audio/__init__.py to __init__.cpython-312.pyc
[2.449s] running install_data
[2.449s] creating /workspace/ros2_ws/src/install/wall_eb_audio/share/ament_index
[2.450s] creating /workspace/ros2_ws/src/install/wall_eb_audio/share/ament_index/resource_index
[2.450s] creating /workspace/ros2_ws/src/install/wall_eb_audio/share/ament_index/resource_index/packages
[2.450s] copying resource/wall_eb_audio -> /workspace/ros2_ws/src/install/wall_eb_audio/share/ament_index/resource_index/packages
[2.450s] copying package.xml -> /workspace/ros2_ws/src/install/wall_eb_audio/share/wall_eb_audio
[2.450s] running install_egg_info
[2.485s] Copying ../build/wall_eb_audio/wall_eb_audio.egg-info to /workspace/ros2_ws/src/install/wall_eb_audio/lib/python3.12/site-packages/wall_eb_audio-0.0.0-py3.12.egg-info
[2.486s] running install_scripts
[2.698s] Installing audio script to /workspace/ros2_ws/src/install/wall_eb_audio/lib/wall_eb_audio
[2.699s] writing list of installed files to '/workspace/ros2_ws/src/build/wall_eb_audio/install.log'
[2.750s] Invoked command in '/workspace/ros2_ws/src/wall_eb_audio' returned '0': PYTHONPATH=/workspace/ros2_ws/src/build/wall_eb_audio/prefix_override:/usr/lib/python3/dist-packages/colcon_core/task/python/colcon_distutils_commands:/workspace/ros2_ws/src/install/wall_eb_audio/lib/python3.12/site-packages:${PYTHONPATH} /usr/bin/python3 -W ignore:setup.py install is deprecated -W ignore:easy_install command is deprecated setup.py egg_info --egg-base ../build/wall_eb_audio build --build-base /workspace/ros2_ws/src/build/wall_eb_audio/build install --record /workspace/ros2_ws/src/build/wall_eb_audio/install.log --single-version-externally-managed install_data
