[1.830s] Invoking command in '/workspace/ros2_ws/src/wall_eb_audio': PYTHONPATH=/workspace/ros2_ws/src/build/wall_eb_audio/prefix_override:/usr/lib/python3/dist-packages/colcon_core/task/python/colcon_distutils_commands:/workspace/ros2_ws/src/install/wall_eb_audio/lib/python3.12/site-packages:${PYTHONPATH} /usr/bin/python3 -W ignore:setup.py install is deprecated -W ignore:easy_install command is deprecated setup.py egg_info --egg-base ../build/wall_eb_audio build --build-base /workspace/ros2_ws/src/build/wall_eb_audio/build install --record /workspace/ros2_ws/src/build/wall_eb_audio/install.log --single-version-externally-managed install_data
[2.323s] running egg_info
[2.356s] writing ../build/wall_eb_audio/wall_eb_audio.egg-info/PKG-INFO
[2.356s] writing dependency_links to ../build/wall_eb_audio/wall_eb_audio.egg-info/dependency_links.txt
[2.356s] writing entry points to ../build/wall_eb_audio/wall_eb_audio.egg-info/entry_points.txt
[2.357s] writing requirements to ../build/wall_eb_audio/wall_eb_audio.egg-info/requires.txt
[2.357s] writing top-level names to ../build/wall_eb_audio/wall_eb_audio.egg-info/top_level.txt
[2.422s] reading manifest file '../build/wall_eb_audio/wall_eb_audio.egg-info/SOURCES.txt'
[2.424s] writing manifest file '../build/wall_eb_audio/wall_eb_audio.egg-info/SOURCES.txt'
[2.424s] running build
[2.424s] running build_py
[2.424s] copying wall_eb_audio/audio.py -> /workspace/ros2_ws/src/build/wall_eb_audio/build/lib/wall_eb_audio
[2.425s] running install
[2.437s] running install_lib
[2.470s] copying /workspace/ros2_ws/src/build/wall_eb_audio/build/lib/wall_eb_audio/audio.py -> /workspace/ros2_ws/src/install/wall_eb_audio/lib/python3.12/site-packages/wall_eb_audio
[2.472s] byte-compiling /workspace/ros2_ws/src/install/wall_eb_audio/lib/python3.12/site-packages/wall_eb_audio/audio.py to audio.cpython-312.pyc
[2.472s] running install_data
[2.473s] running install_egg_info
[2.508s] removing '/workspace/ros2_ws/src/install/wall_eb_audio/lib/python3.12/site-packages/wall_eb_audio-0.0.0-py3.12.egg-info' (and everything under it)
[2.509s] Copying ../build/wall_eb_audio/wall_eb_audio.egg-info to /workspace/ros2_ws/src/install/wall_eb_audio/lib/python3.12/site-packages/wall_eb_audio-0.0.0-py3.12.egg-info
[2.510s] running install_scripts
[2.729s] Installing audio script to /workspace/ros2_ws/src/install/wall_eb_audio/lib/wall_eb_audio
[2.729s] writing list of installed files to '/workspace/ros2_ws/src/build/wall_eb_audio/install.log'
[2.785s] Invoked command in '/workspace/ros2_ws/src/wall_eb_audio' returned '0': PYTHONPATH=/workspace/ros2_ws/src/build/wall_eb_audio/prefix_override:/usr/lib/python3/dist-packages/colcon_core/task/python/colcon_distutils_commands:/workspace/ros2_ws/src/install/wall_eb_audio/lib/python3.12/site-packages:${PYTHONPATH} /usr/bin/python3 -W ignore:setup.py install is deprecated -W ignore:easy_install command is deprecated setup.py egg_info --egg-base ../build/wall_eb_audio build --build-base /workspace/ros2_ws/src/build/wall_eb_audio/build install --record /workspace/ros2_ws/src/build/wall_eb_audio/install.log --single-version-externally-managed install_data
